0 0.000000e+00 1.000000e-04 0 single_file little rho vx1 vx2 vx3 prs 
1 4.945787e-02 9.053353e-04 69 single_file little rho vx1 vx2 vx3 prs 
2 9.932336e-02 9.075841e-04 124 single_file little rho vx1 vx2 vx3 prs 
3 1.492707e-01 9.085194e-04 179 single_file little rho vx1 vx2 vx3 prs 
4 2.000000e-01 8.148885e-04 235 single_file little rho vx1 vx2 vx3 prs 
