0 0.000000e+00 1.000000e-04 0 multiple_files little rho vx1 vx2 vx3 prs
