0 0.000000e+00 1.000000e-04 0 single_file little rho vx1 vx2 vx3 Bx1 Bx2 Bx3 prs tr1 
1 5.000000e+00 2.139968e-03 2307 single_file little rho vx1 vx2 vx3 Bx1 Bx2 Bx3 prs tr1 
